================================================================================
NE 501 Project #5
Author: Kirill Shumilov
Date: 04/04/2025
--------------------------------------------------------------------------------
Parallel implementation of PJ, GS, and SOR
================================================================================
                                     Inputs                                     
--------------------------------------------------------------------------------
Algorithm: Successive Over Relaxation
Tolerance: 1e-05
Maximum #Iterations: 500000
Relaxation Factor: 1.95
................................................................................
Space Dimensions, a x b: 1.00000000e+01 x 1.00000000e+01
Non-Zero Grid Points, M x N:  1024 x  1024
Diffusion Coefficient, D: 1.00000000e+00
Macroscopic Removal Cross Section, Sa: 1.00000000e-01
................................................................................
Source:
<1024, 1024>
================================================================================
                                 MPI Parameters                                 
--------------------------------------------------------------------------------
Processes: 16
Topology: Cartesian
Dimensions:     4 x     4
================================================================================
                                    Results                                     
--------------------------------------------------------------------------------
Converged: true
#Iterations: 10908
Iterative Error: 9.995613396164075496e-06
Max Abs Residual: 0.0018662930637067809414
Solution:
<1024, 1024>
================================================================================
Execution time: 14.561490563 seconds.
================================================================================
