================================================================================
NE 501 Project #5
Author: Kirill Shumilov
Date: 04/04/2025
--------------------------------------------------------------------------------
Parallel implementation of PJ, GS, and SOR
================================================================================
                                     Inputs                                     
--------------------------------------------------------------------------------
Algorithm: Successive Over Relaxation
Tolerance: 1e-05
Maximum #Iterations: 500000
Relaxation Factor: 1.95
................................................................................
Space Dimensions, a x b: 1.00000000e+01 x 1.00000000e+01
Non-Zero Grid Points, M x N:   128 x   128
Diffusion Coefficient, D: 1.00000000e+00
Macroscopic Removal Cross Section, Sa: 1.00000000e-01
................................................................................
Source:
<128, 128>
================================================================================
                                 MPI Parameters                                 
--------------------------------------------------------------------------------
Processes: 64
Topology: Cartesian
Dimensions:     8 x     8
================================================================================
                                    Results                                     
--------------------------------------------------------------------------------
Converged: true
#Iterations: 235
Iterative Error: 9.435697140810091272e-06
Max Abs Residual: 2.6787735916979603379e-05
Solution:
<128, 128>
================================================================================
Execution time: 00.114727761 seconds.
================================================================================
