================================================================================
NE 501 Project #5
Author: Kirill Shumilov
Date: 04/04/2025
--------------------------------------------------------------------------------
Parallel implementation of PJ, GS, and SOR
================================================================================
                                     Inputs                                     
--------------------------------------------------------------------------------
Algorithm: Gauss-Seidel
Tolerance: 1e-05
Maximum #Iterations: 500000
................................................................................
Space Dimensions, a x b: 1.00000000e+01 x 1.00000000e+01
Non-Zero Grid Points, M x N:   128 x   128
Diffusion Coefficient, D: 1.00000000e+00
Macroscopic Removal Cross Section, Sa: 1.00000000e-01
................................................................................
Source:
<128, 128>
================================================================================
                                 MPI Parameters                                 
--------------------------------------------------------------------------------
Processes: 16
Topology: Cartesian
Dimensions:     4 x     4
================================================================================
                                    Results                                     
--------------------------------------------------------------------------------
Converged: true
#Iterations: 7299
Iterative Error: 9.996844827350277273e-06
Max Abs Residual: 5.7783939245032930887e-05
Solution:
<128, 128>
================================================================================
Execution time: 01.908504077 seconds.
================================================================================
