================================================================================
NE 501 Project #5
Author: Kirill Shumilov
Date: 04/04/2025
--------------------------------------------------------------------------------
Parallel implementation of PJ, GS, and SOR
================================================================================
                                     Inputs                                     
--------------------------------------------------------------------------------
Algorithm: Point Jacobi
Tolerance: 1e-05
Maximum #Iterations: 500000
................................................................................
Space Dimensions, a x b: 1.00000000e+01 x 1.00000000e+01
Non-Zero Grid Points, M x N:   128 x   128
Diffusion Coefficient, D: 1.00000000e+00
Macroscopic Removal Cross Section, Sa: 1.00000000e-01
................................................................................
Source:
<128, 128>
================================================================================
                                 MPI Parameters                                 
--------------------------------------------------------------------------------
Processes: 4
Topology: Cartesian
Dimensions:     2 x     2
================================================================================
                                    Results                                     
--------------------------------------------------------------------------------
Converged: true
#Iterations: 13051
Iterative Error: 9.999153139799201702e-06
Max Abs Residual: 5.7663875873236250524e-05
Solution:
<128, 128>
================================================================================
Execution time: 00.797066489 seconds.
================================================================================
