================================================================================
NE 501 Project #5
Author: Kirill Shumilov
Date: 04/04/2025
--------------------------------------------------------------------------------
Parallel implementation of PJ, GS, and SOR
================================================================================
                                     Inputs                                     
--------------------------------------------------------------------------------
Algorithm: Gauss-Seidel
Tolerance: 1e-05
Maximum #Iterations: 500000
................................................................................
Space Dimensions, a x b: 1.00000000e+01 x 1.00000000e+01
Non-Zero Grid Points, M x N:   256 x   256
Diffusion Coefficient, D: 1.00000000e+00
Macroscopic Removal Cross Section, Sa: 1.00000000e-01
................................................................................
Source:
<256, 256>
================================================================================
                                 MPI Parameters                                 
--------------------------------------------------------------------------------
Processes: 16
Topology: Cartesian
Dimensions:     4 x     4
================================================================================
                                    Results                                     
--------------------------------------------------------------------------------
Converged: true
#Iterations: 22881
Iterative Error: 9.9999401581049342396e-06
Max Abs Residual: 0.0002276712452064788561
Solution:
<256, 256>
================================================================================
Execution time: 06.688268198 seconds.
================================================================================
