================================================================================
NE 501 Project #5
Author: Kirill Shumilov
Date: 04/04/2025
--------------------------------------------------------------------------------
Parallel implementation of PJ, GS, and SOR
================================================================================
                                     Inputs                                     
--------------------------------------------------------------------------------
Algorithm: Point Jacobi
Tolerance: 1e-05
Maximum #Iterations: 500000
................................................................................
Space Dimensions, a x b: 1.00000000e+01 x 1.00000000e+01
Non-Zero Grid Points, M x N:   256 x   256
Diffusion Coefficient, D: 1.00000000e+00
Macroscopic Removal Cross Section, Sa: 1.00000000e-01
................................................................................
Source:
<256, 256>
================================================================================
                                 MPI Parameters                                 
--------------------------------------------------------------------------------
Processes: 4
Topology: Cartesian
Dimensions:     2 x     2
================================================================================
                                    Results                                     
--------------------------------------------------------------------------------
Converged: true
#Iterations: 39703
Iterative Error: 9.999205830744410911e-06
Max Abs Residual: 0.00022531402678407225215
Solution:
<256, 256>
================================================================================
Execution time: 09.126111831 seconds.
================================================================================
