================================================================================
NE 501 Project #5
Author: Kirill Shumilov
Date: 04/04/2025
--------------------------------------------------------------------------------
Parallel implementation of PJ, GS, and SOR
================================================================================
                                     Inputs                                     
--------------------------------------------------------------------------------
Algorithm: Successive Over Relaxation
Tolerance: 1e-05
Maximum #Iterations: 500000
Relaxation Factor: 1.95
................................................................................
Space Dimensions, a x b: 1.00000000e+01 x 1.00000000e+01
Non-Zero Grid Points, M x N:   256 x   256
Diffusion Coefficient, D: 1.00000000e+00
Macroscopic Removal Cross Section, Sa: 1.00000000e-01
................................................................................
Source:
<256, 256>
================================================================================
                                 MPI Parameters                                 
--------------------------------------------------------------------------------
Processes: 64
Topology: Cartesian
Dimensions:     8 x     8
================================================================================
                                    Results                                     
--------------------------------------------------------------------------------
Converged: true
#Iterations: 931
Iterative Error: 9.938203489025936895e-06
Max Abs Residual: 0.00011609650302633889307
Solution:
<256, 256>
================================================================================
Execution time: 00.398956994 seconds.
================================================================================
