================================================================================
NE 501 Project #5
Author: Kirill Shumilov
Date: 04/04/2025
--------------------------------------------------------------------------------
Parallel implementation of PJ, GS, and SOR
================================================================================
                                     Inputs                                     
--------------------------------------------------------------------------------
Algorithm: Point Jacobi
Tolerance: 1e-05
Maximum #Iterations: 500000
................................................................................
Space Dimensions, a x b: 1.00000000e+01 x 1.00000000e+01
Non-Zero Grid Points, M x N:   512 x   512
Diffusion Coefficient, D: 1.00000000e+00
Macroscopic Removal Cross Section, Sa: 1.00000000e-01
................................................................................
Source:
<512, 512>
================================================================================
                                 MPI Parameters                                 
--------------------------------------------------------------------------------
Processes: 16
Topology: Cartesian
Dimensions:     4 x     4
================================================================================
                                    Results                                     
--------------------------------------------------------------------------------
Converged: true
#Iterations: 111497
Iterative Error: 9.999883043998521323e-06
Max Abs Residual: 0.00085353220824796460775
Solution:
<512, 512>
================================================================================
Execution time: 24.821912040 seconds.
================================================================================
