================================================================================
NE 501 Project #5
Author: Kirill Shumilov
Date: 04/04/2025
--------------------------------------------------------------------------------
Parallel implementation of PJ, GS, and SOR
================================================================================
                                     Inputs                                     
--------------------------------------------------------------------------------
Algorithm: Successive Over Relaxation
Tolerance: 1e-05
Maximum #Iterations: 500000
Relaxation Factor: 1.95
................................................................................
Space Dimensions, a x b: 1.00000000e+01 x 1.00000000e+01
Non-Zero Grid Points, M x N:   512 x   512
Diffusion Coefficient, D: 1.00000000e+00
Macroscopic Removal Cross Section, Sa: 1.00000000e-01
................................................................................
Source:
<512, 512>
================================================================================
                                 MPI Parameters                                 
--------------------------------------------------------------------------------
Processes: 4
Topology: Cartesian
Dimensions:     2 x     2
================================================================================
                                    Results                                     
--------------------------------------------------------------------------------
Converged: true
#Iterations: 3316
Iterative Error: 9.98438928801996893e-06
Max Abs Residual: 0.00046769609407928958156
Solution:
<512, 512>
================================================================================
Execution time: 03.779681604 seconds.
================================================================================
